// Jest Snapshot v1, https://goo.gl/fbAQLP

exports[`Login should match the snapshot 1`] = `
ShallowWrapper {
  "length": 1,
  Symbol(enzyme.__root__): [Circular],
  Symbol(enzyme.__unrendered__): <Login
    addUser={[Function]}
/>,
  Symbol(enzyme.__renderer__): Object {
    "batchedUpdates": [Function],
    "getNode": [Function],
    "render": [Function],
    "simulateEvent": [Function],
    "unmount": [Function],
  },
  Symbol(enzyme.__node__): Object {
    "instance": null,
    "key": undefined,
    "nodeType": "host",
    "props": Object {
      "children": Array [
        <p
          className="login-comment"
>
          Please Login Below
</p>,
        <form
          className="login-form"
          onSubmit={[Function]}
>
          <label>
                    <input
                              className="input-field"
                              name="email"
                              onChange={[Function]}
                              placeholder="email"
                              type="text"
                              value=""
                    />
                    <input
                              className="input-field bottom-field"
                              name="password"
                              onChange={[Function]}
                              placeholder="Password"
                              type="password"
                              value=""
                    />
                    <button
                              className="login-submit-button"
                    >
                              Login
                    </button>
          </label>
</form>,
        <NavLink
          activeClassName="active"
          ariaCurrent="true"
          className="signin-route"
          to="/signup"
>
          Don't have an account? Sign Up!
</NavLink>,
        false,
      ],
      "className": "login-component",
    },
    "ref": null,
    "rendered": Array [
      Object {
        "instance": null,
        "key": undefined,
        "nodeType": "host",
        "props": Object {
          "children": "Please Login Below",
          "className": "login-comment",
        },
        "ref": null,
        "rendered": "Please Login Below",
        "type": "p",
      },
      Object {
        "instance": null,
        "key": undefined,
        "nodeType": "host",
        "props": Object {
          "children": <label>
            <input
                        className="input-field"
                        name="email"
                        onChange={[Function]}
                        placeholder="email"
                        type="text"
                        value=""
            />
            <input
                        className="input-field bottom-field"
                        name="password"
                        onChange={[Function]}
                        placeholder="Password"
                        type="password"
                        value=""
            />
            <button
                        className="login-submit-button"
            >
                        Login
            </button>
</label>,
          "className": "login-form",
          "onSubmit": [Function],
        },
        "ref": null,
        "rendered": Object {
          "instance": null,
          "key": undefined,
          "nodeType": "host",
          "props": Object {
            "children": Array [
              <input
                className="input-field"
                name="email"
                onChange={[Function]}
                placeholder="email"
                type="text"
                value=""
/>,
              <input
                className="input-field bottom-field"
                name="password"
                onChange={[Function]}
                placeholder="Password"
                type="password"
                value=""
/>,
              <button
                className="login-submit-button"
>
                Login
</button>,
            ],
          },
          "ref": null,
          "rendered": Array [
            Object {
              "instance": null,
              "key": undefined,
              "nodeType": "host",
              "props": Object {
                "className": "input-field",
                "name": "email",
                "onChange": [Function],
                "placeholder": "email",
                "type": "text",
                "value": "",
              },
              "ref": null,
              "rendered": null,
              "type": "input",
            },
            Object {
              "instance": null,
              "key": undefined,
              "nodeType": "host",
              "props": Object {
                "className": "input-field bottom-field",
                "name": "password",
                "onChange": [Function],
                "placeholder": "Password",
                "type": "password",
                "value": "",
              },
              "ref": null,
              "rendered": null,
              "type": "input",
            },
            Object {
              "instance": null,
              "key": undefined,
              "nodeType": "host",
              "props": Object {
                "children": "Login",
                "className": "login-submit-button",
              },
              "ref": null,
              "rendered": "Login",
              "type": "button",
            },
          ],
          "type": "label",
        },
        "type": "form",
      },
      Object {
        "instance": null,
        "key": undefined,
        "nodeType": "function",
        "props": Object {
          "activeClassName": "active",
          "ariaCurrent": "true",
          "children": "Don't have an account? Sign Up!",
          "className": "signin-route",
          "to": "/signup",
        },
        "ref": null,
        "rendered": "Don't have an account? Sign Up!",
        "type": [Function],
      },
      false,
    ],
    "type": "div",
  },
  Symbol(enzyme.__nodes__): Array [
    Object {
      "instance": null,
      "key": undefined,
      "nodeType": "host",
      "props": Object {
        "children": Array [
          <p
            className="login-comment"
>
            Please Login Below
</p>,
          <form
            className="login-form"
            onSubmit={[Function]}
>
            <label>
                        <input
                                    className="input-field"
                                    name="email"
                                    onChange={[Function]}
                                    placeholder="email"
                                    type="text"
                                    value=""
                        />
                        <input
                                    className="input-field bottom-field"
                                    name="password"
                                    onChange={[Function]}
                                    placeholder="Password"
                                    type="password"
                                    value=""
                        />
                        <button
                                    className="login-submit-button"
                        >
                                    Login
                        </button>
            </label>
</form>,
          <NavLink
            activeClassName="active"
            ariaCurrent="true"
            className="signin-route"
            to="/signup"
>
            Don't have an account? Sign Up!
</NavLink>,
          false,
        ],
        "className": "login-component",
      },
      "ref": null,
      "rendered": Array [
        Object {
          "instance": null,
          "key": undefined,
          "nodeType": "host",
          "props": Object {
            "children": "Please Login Below",
            "className": "login-comment",
          },
          "ref": null,
          "rendered": "Please Login Below",
          "type": "p",
        },
        Object {
          "instance": null,
          "key": undefined,
          "nodeType": "host",
          "props": Object {
            "children": <label>
              <input
                            className="input-field"
                            name="email"
                            onChange={[Function]}
                            placeholder="email"
                            type="text"
                            value=""
              />
              <input
                            className="input-field bottom-field"
                            name="password"
                            onChange={[Function]}
                            placeholder="Password"
                            type="password"
                            value=""
              />
              <button
                            className="login-submit-button"
              >
                            Login
              </button>
</label>,
            "className": "login-form",
            "onSubmit": [Function],
          },
          "ref": null,
          "rendered": Object {
            "instance": null,
            "key": undefined,
            "nodeType": "host",
            "props": Object {
              "children": Array [
                <input
                  className="input-field"
                  name="email"
                  onChange={[Function]}
                  placeholder="email"
                  type="text"
                  value=""
/>,
                <input
                  className="input-field bottom-field"
                  name="password"
                  onChange={[Function]}
                  placeholder="Password"
                  type="password"
                  value=""
/>,
                <button
                  className="login-submit-button"
>
                  Login
</button>,
              ],
            },
            "ref": null,
            "rendered": Array [
              Object {
                "instance": null,
                "key": undefined,
                "nodeType": "host",
                "props": Object {
                  "className": "input-field",
                  "name": "email",
                  "onChange": [Function],
                  "placeholder": "email",
                  "type": "text",
                  "value": "",
                },
                "ref": null,
                "rendered": null,
                "type": "input",
              },
              Object {
                "instance": null,
                "key": undefined,
                "nodeType": "host",
                "props": Object {
                  "className": "input-field bottom-field",
                  "name": "password",
                  "onChange": [Function],
                  "placeholder": "Password",
                  "type": "password",
                  "value": "",
                },
                "ref": null,
                "rendered": null,
                "type": "input",
              },
              Object {
                "instance": null,
                "key": undefined,
                "nodeType": "host",
                "props": Object {
                  "children": "Login",
                  "className": "login-submit-button",
                },
                "ref": null,
                "rendered": "Login",
                "type": "button",
              },
            ],
            "type": "label",
          },
          "type": "form",
        },
        Object {
          "instance": null,
          "key": undefined,
          "nodeType": "function",
          "props": Object {
            "activeClassName": "active",
            "ariaCurrent": "true",
            "children": "Don't have an account? Sign Up!",
            "className": "signin-route",
            "to": "/signup",
          },
          "ref": null,
          "rendered": "Don't have an account? Sign Up!",
          "type": [Function],
        },
        false,
      ],
      "type": "div",
    },
  ],
  Symbol(enzyme.__options__): Object {
    "adapter": ReactSixteenAdapter {
      "options": Object {
        "enableComponentDidUpdateOnSetState": true,
      },
    },
  },
}
`;
