// Jest Snapshot v1, https://goo.gl/fbAQLP

exports[`Card should match the snapshot 1`] = `
ShallowWrapper {
  "length": 1,
  Symbol(enzyme.__root__): [Circular],
  Symbol(enzyme.__unrendered__): <Unknown
    addFavorite={[Function]}
    favorites={
        Array [
            Object {
              "id": 2,
              "image": "url",
              "name": "pasta",
              "totalTime": "30",
            },
          ]
    }
    recipe={
        Object {
            "id": 2,
            "image": "url",
            "name": "pasta",
            "totalTime": "30",
          }
    }
    removeFavorite={[Function]}
/>,
  Symbol(enzyme.__renderer__): Object {
    "batchedUpdates": [Function],
    "getNode": [Function],
    "render": [Function],
    "simulateEvent": [Function],
    "unmount": [Function],
  },
  Symbol(enzyme.__node__): Object {
    "instance": null,
    "key": undefined,
    "nodeType": "host",
    "props": Object {
      "children": Array [
        <button
          className="favorite-button selected"
          onClick={[Function]}
>
          <span
                    aria-labelledby="favorite star"
                    className="favorites-image"
                    role="img"
          >
                    ⭐
          </span>
</button>,
        <img
          alt="recipe"
          className="recipe-image"
          src="url"
/>,
        <p
          className="recipe-name"
>
          pasta
</p>,
        <p
          className="recipe-cooktime"
>
          Total cook time: 
           mins
</p>,
        <a
          className="link-instructions"
          href={undefined}
          target="..blank"
>
          Make This!
</a>,
      ],
      "className": "recipe-card",
    },
    "ref": null,
    "rendered": Array [
      Object {
        "instance": null,
        "key": undefined,
        "nodeType": "host",
        "props": Object {
          "children": <span
            aria-labelledby="favorite star"
            className="favorites-image"
            role="img"
>
            ⭐
</span>,
          "className": "favorite-button selected",
          "onClick": [Function],
        },
        "ref": null,
        "rendered": Object {
          "instance": null,
          "key": undefined,
          "nodeType": "host",
          "props": Object {
            "aria-labelledby": "favorite star",
            "children": "⭐",
            "className": "favorites-image",
            "role": "img",
          },
          "ref": null,
          "rendered": "⭐",
          "type": "span",
        },
        "type": "button",
      },
      Object {
        "instance": null,
        "key": undefined,
        "nodeType": "host",
        "props": Object {
          "alt": "recipe",
          "className": "recipe-image",
          "src": "url",
        },
        "ref": null,
        "rendered": null,
        "type": "img",
      },
      Object {
        "instance": null,
        "key": undefined,
        "nodeType": "host",
        "props": Object {
          "children": "pasta",
          "className": "recipe-name",
        },
        "ref": null,
        "rendered": "pasta",
        "type": "p",
      },
      Object {
        "instance": null,
        "key": undefined,
        "nodeType": "host",
        "props": Object {
          "children": Array [
            "Total cook time: ",
            undefined,
            " mins",
          ],
          "className": "recipe-cooktime",
        },
        "ref": null,
        "rendered": Array [
          "Total cook time: ",
          undefined,
          " mins",
        ],
        "type": "p",
      },
      Object {
        "instance": null,
        "key": undefined,
        "nodeType": "host",
        "props": Object {
          "children": "Make This!",
          "className": "link-instructions",
          "href": undefined,
          "target": "..blank",
        },
        "ref": null,
        "rendered": "Make This!",
        "type": "a",
      },
    ],
    "type": "div",
  },
  Symbol(enzyme.__nodes__): Array [
    Object {
      "instance": null,
      "key": undefined,
      "nodeType": "host",
      "props": Object {
        "children": Array [
          <button
            className="favorite-button selected"
            onClick={[Function]}
>
            <span
                        aria-labelledby="favorite star"
                        className="favorites-image"
                        role="img"
            >
                        ⭐
            </span>
</button>,
          <img
            alt="recipe"
            className="recipe-image"
            src="url"
/>,
          <p
            className="recipe-name"
>
            pasta
</p>,
          <p
            className="recipe-cooktime"
>
            Total cook time: 
             mins
</p>,
          <a
            className="link-instructions"
            href={undefined}
            target="..blank"
>
            Make This!
</a>,
        ],
        "className": "recipe-card",
      },
      "ref": null,
      "rendered": Array [
        Object {
          "instance": null,
          "key": undefined,
          "nodeType": "host",
          "props": Object {
            "children": <span
              aria-labelledby="favorite star"
              className="favorites-image"
              role="img"
>
              ⭐
</span>,
            "className": "favorite-button selected",
            "onClick": [Function],
          },
          "ref": null,
          "rendered": Object {
            "instance": null,
            "key": undefined,
            "nodeType": "host",
            "props": Object {
              "aria-labelledby": "favorite star",
              "children": "⭐",
              "className": "favorites-image",
              "role": "img",
            },
            "ref": null,
            "rendered": "⭐",
            "type": "span",
          },
          "type": "button",
        },
        Object {
          "instance": null,
          "key": undefined,
          "nodeType": "host",
          "props": Object {
            "alt": "recipe",
            "className": "recipe-image",
            "src": "url",
          },
          "ref": null,
          "rendered": null,
          "type": "img",
        },
        Object {
          "instance": null,
          "key": undefined,
          "nodeType": "host",
          "props": Object {
            "children": "pasta",
            "className": "recipe-name",
          },
          "ref": null,
          "rendered": "pasta",
          "type": "p",
        },
        Object {
          "instance": null,
          "key": undefined,
          "nodeType": "host",
          "props": Object {
            "children": Array [
              "Total cook time: ",
              undefined,
              " mins",
            ],
            "className": "recipe-cooktime",
          },
          "ref": null,
          "rendered": Array [
            "Total cook time: ",
            undefined,
            " mins",
          ],
          "type": "p",
        },
        Object {
          "instance": null,
          "key": undefined,
          "nodeType": "host",
          "props": Object {
            "children": "Make This!",
            "className": "link-instructions",
            "href": undefined,
            "target": "..blank",
          },
          "ref": null,
          "rendered": "Make This!",
          "type": "a",
        },
      ],
      "type": "div",
    },
  ],
  Symbol(enzyme.__options__): Object {
    "adapter": ReactSixteenAdapter {
      "options": Object {
        "enableComponentDidUpdateOnSetState": true,
      },
    },
  },
}
`;
